// Jest Snapshot v1, https://goo.gl/fbAQLP

exports[`Blog renders correctly 1`] = `<div />`;
