// Jest Snapshot v1, https://goo.gl/fbAQLP

exports[`SideProjects renders correctly 1`] = `<div />`;
