// Jest Snapshot v1, https://goo.gl/fbAQLP

exports[`Footer renders correctly 1`] = `
<header>
  <div>
    <h1>
      <a
        href="/"
      >
        
      </a>
    </h1>
  </div>
</header>
`;
